// Jest Snapshot v1, https://goo.gl/fbAQLP

exports[`Pruebas en <GifItem /> Debe coincidir con el Shapshot 1`] = `
<div>
  <div
    class="card"
  >
    <img
      alt="Rugrats"
      src="https://rugrats.com/rugrats.jpg"
    />
    <p>
      Rugrats
    </p>
  </div>
</div>
`;
